// Jest Snapshot v1, https://goo.gl/fbAQLP

exports[`ChangePassword renders correctly 1`] = `
ShallowWrapper {
  "length": 1,
  Symbol(enzyme.__root__): [Circular],
  Symbol(enzyme.__unrendered__): <ChangePassword
    authError={
        Object {
            "isError": false,
            "value": "",
          }
    }
/>,
  Symbol(enzyme.__renderer__): Object {
    "batchedUpdates": [Function],
    "getNode": [Function],
    "render": [Function],
    "simulateEvent": [Function],
    "unmount": [Function],
  },
  Symbol(enzyme.__node__): Object {
    "instance": null,
    "key": undefined,
    "nodeType": "host",
    "props": Object {
      "children": Array [
        false,
        <form
          className="form"
          onSubmit={[Function]}
>
          <div
                    className="form-control"
          >
                    <input
                              onChange={[Function]}
                              placeholder="New Password"
                              type="password"
                              value=""
                    />
          </div>
          <div
                    className="form-control"
          >
                    <input
                              onChange={[Function]}
                              placeholder="Confirm Password"
                              type="password"
                              value=""
                    />
          </div>
          <div
                    className="form-control"
          >
                    <input
                              className="btn"
                              type="submit"
                              value="Change Password"
                    />
          </div>
</form>,
      ],
      "className": "auth",
    },
    "ref": null,
    "rendered": Array [
      false,
      Object {
        "instance": null,
        "key": undefined,
        "nodeType": "host",
        "props": Object {
          "children": Array [
            <div
              className="form-control"
>
              <input
                            onChange={[Function]}
                            placeholder="New Password"
                            type="password"
                            value=""
              />
</div>,
            <div
              className="form-control"
>
              <input
                            onChange={[Function]}
                            placeholder="Confirm Password"
                            type="password"
                            value=""
              />
</div>,
            <div
              className="form-control"
>
              <input
                            className="btn"
                            type="submit"
                            value="Change Password"
              />
</div>,
          ],
          "className": "form",
          "onSubmit": [Function],
        },
        "ref": null,
        "rendered": Array [
          Object {
            "instance": null,
            "key": undefined,
            "nodeType": "host",
            "props": Object {
              "children": Array [
                <input
                  onChange={[Function]}
                  placeholder="New Password"
                  type="password"
                  value=""
/>,
                false,
              ],
              "className": "form-control",
            },
            "ref": null,
            "rendered": Array [
              Object {
                "instance": null,
                "key": undefined,
                "nodeType": "host",
                "props": Object {
                  "onChange": [Function],
                  "placeholder": "New Password",
                  "type": "password",
                  "value": "",
                },
                "ref": null,
                "rendered": null,
                "type": "input",
              },
              false,
            ],
            "type": "div",
          },
          Object {
            "instance": null,
            "key": undefined,
            "nodeType": "host",
            "props": Object {
              "children": Array [
                <input
                  onChange={[Function]}
                  placeholder="Confirm Password"
                  type="password"
                  value=""
/>,
                false,
              ],
              "className": "form-control",
            },
            "ref": null,
            "rendered": Array [
              Object {
                "instance": null,
                "key": undefined,
                "nodeType": "host",
                "props": Object {
                  "onChange": [Function],
                  "placeholder": "Confirm Password",
                  "type": "password",
                  "value": "",
                },
                "ref": null,
                "rendered": null,
                "type": "input",
              },
              false,
            ],
            "type": "div",
          },
          Object {
            "instance": null,
            "key": undefined,
            "nodeType": "host",
            "props": Object {
              "children": <input
                className="btn"
                type="submit"
                value="Change Password"
/>,
              "className": "form-control",
            },
            "ref": null,
            "rendered": Object {
              "instance": null,
              "key": undefined,
              "nodeType": "host",
              "props": Object {
                "className": "btn",
                "type": "submit",
                "value": "Change Password",
              },
              "ref": null,
              "rendered": null,
              "type": "input",
            },
            "type": "div",
          },
        ],
        "type": "form",
      },
    ],
    "type": "section",
  },
  Symbol(enzyme.__nodes__): Array [
    Object {
      "instance": null,
      "key": undefined,
      "nodeType": "host",
      "props": Object {
        "children": Array [
          false,
          <form
            className="form"
            onSubmit={[Function]}
>
            <div
                        className="form-control"
            >
                        <input
                                    onChange={[Function]}
                                    placeholder="New Password"
                                    type="password"
                                    value=""
                        />
            </div>
            <div
                        className="form-control"
            >
                        <input
                                    onChange={[Function]}
                                    placeholder="Confirm Password"
                                    type="password"
                                    value=""
                        />
            </div>
            <div
                        className="form-control"
            >
                        <input
                                    className="btn"
                                    type="submit"
                                    value="Change Password"
                        />
            </div>
</form>,
        ],
        "className": "auth",
      },
      "ref": null,
      "rendered": Array [
        false,
        Object {
          "instance": null,
          "key": undefined,
          "nodeType": "host",
          "props": Object {
            "children": Array [
              <div
                className="form-control"
>
                <input
                                onChange={[Function]}
                                placeholder="New Password"
                                type="password"
                                value=""
                />
</div>,
              <div
                className="form-control"
>
                <input
                                onChange={[Function]}
                                placeholder="Confirm Password"
                                type="password"
                                value=""
                />
</div>,
              <div
                className="form-control"
>
                <input
                                className="btn"
                                type="submit"
                                value="Change Password"
                />
</div>,
            ],
            "className": "form",
            "onSubmit": [Function],
          },
          "ref": null,
          "rendered": Array [
            Object {
              "instance": null,
              "key": undefined,
              "nodeType": "host",
              "props": Object {
                "children": Array [
                  <input
                    onChange={[Function]}
                    placeholder="New Password"
                    type="password"
                    value=""
/>,
                  false,
                ],
                "className": "form-control",
              },
              "ref": null,
              "rendered": Array [
                Object {
                  "instance": null,
                  "key": undefined,
                  "nodeType": "host",
                  "props": Object {
                    "onChange": [Function],
                    "placeholder": "New Password",
                    "type": "password",
                    "value": "",
                  },
                  "ref": null,
                  "rendered": null,
                  "type": "input",
                },
                false,
              ],
              "type": "div",
            },
            Object {
              "instance": null,
              "key": undefined,
              "nodeType": "host",
              "props": Object {
                "children": Array [
                  <input
                    onChange={[Function]}
                    placeholder="Confirm Password"
                    type="password"
                    value=""
/>,
                  false,
                ],
                "className": "form-control",
              },
              "ref": null,
              "rendered": Array [
                Object {
                  "instance": null,
                  "key": undefined,
                  "nodeType": "host",
                  "props": Object {
                    "onChange": [Function],
                    "placeholder": "Confirm Password",
                    "type": "password",
                    "value": "",
                  },
                  "ref": null,
                  "rendered": null,
                  "type": "input",
                },
                false,
              ],
              "type": "div",
            },
            Object {
              "instance": null,
              "key": undefined,
              "nodeType": "host",
              "props": Object {
                "children": <input
                  className="btn"
                  type="submit"
                  value="Change Password"
/>,
                "className": "form-control",
              },
              "ref": null,
              "rendered": Object {
                "instance": null,
                "key": undefined,
                "nodeType": "host",
                "props": Object {
                  "className": "btn",
                  "type": "submit",
                  "value": "Change Password",
                },
                "ref": null,
                "rendered": null,
                "type": "input",
              },
              "type": "div",
            },
          ],
          "type": "form",
        },
      ],
      "type": "section",
    },
  ],
  Symbol(enzyme.__options__): Object {
    "adapter": ReactSixteenAdapter {
      "options": Object {
        "enableComponentDidUpdateOnSetState": true,
      },
    },
    "disableLifecycleMethods": true,
  },
}
`;
