// Jest Snapshot v1, https://goo.gl/fbAQLP

exports[`CreatePoll renders correctly 1`] = `
ShallowWrapper {
  "length": 1,
  Symbol(enzyme.__root__): [Circular],
  Symbol(enzyme.__unrendered__): <CreatePoll />,
  Symbol(enzyme.__renderer__): Object {
    "batchedUpdates": [Function],
    "getNode": [Function],
    "render": [Function],
    "simulateEvent": [Function],
    "unmount": [Function],
  },
  Symbol(enzyme.__node__): Object {
    "instance": null,
    "key": undefined,
    "nodeType": "host",
    "props": Object {
      "children": <form>
        <div>
                <input
                        onChange={[Function]}
                        placeholder="Question"
                        type="text"
                        value=""
                />
        </div>
        <div>
                <input
                        onChange={[Function]}
                        placeholder="Option 1"
                        type="text"
                        value=""
                />
                <input
                        onChange={[Function]}
                        placeholder="Option 2"
                        type="text"
                        value=""
                />
                <button>
                        Add Option
                </button>
        </div>
        <div>
                <button>
                        Create Poll
                </button>
        </div>
</form>,
    },
    "ref": null,
    "rendered": Object {
      "instance": null,
      "key": undefined,
      "nodeType": "host",
      "props": Object {
        "children": Array [
          <div>
            <input
                        onChange={[Function]}
                        placeholder="Question"
                        type="text"
                        value=""
            />
</div>,
          <div>
            <input
                        onChange={[Function]}
                        placeholder="Option 1"
                        type="text"
                        value=""
            />
            <input
                        onChange={[Function]}
                        placeholder="Option 2"
                        type="text"
                        value=""
            />
            <button>
                        Add Option
            </button>
</div>,
          <div>
            <button>
                        Create Poll
            </button>
</div>,
        ],
      },
      "ref": null,
      "rendered": Array [
        Object {
          "instance": null,
          "key": undefined,
          "nodeType": "host",
          "props": Object {
            "children": <input
              onChange={[Function]}
              placeholder="Question"
              type="text"
              value=""
/>,
          },
          "ref": null,
          "rendered": Object {
            "instance": null,
            "key": undefined,
            "nodeType": "host",
            "props": Object {
              "onChange": [Function],
              "placeholder": "Question",
              "type": "text",
              "value": "",
            },
            "ref": null,
            "rendered": null,
            "type": "input",
          },
          "type": "div",
        },
        Object {
          "instance": null,
          "key": undefined,
          "nodeType": "host",
          "props": Object {
            "children": Array [
              Array [
                <input
                  onChange={[Function]}
                  placeholder="Option 1"
                  type="text"
                  value=""
/>,
                <input
                  onChange={[Function]}
                  placeholder="Option 2"
                  type="text"
                  value=""
/>,
              ],
              <button>
                Add Option
</button>,
            ],
          },
          "ref": null,
          "rendered": Array [
            Object {
              "instance": null,
              "key": "0",
              "nodeType": "host",
              "props": Object {
                "onChange": [Function],
                "placeholder": "Option 1",
                "type": "text",
                "value": "",
              },
              "ref": null,
              "rendered": null,
              "type": "input",
            },
            Object {
              "instance": null,
              "key": "1",
              "nodeType": "host",
              "props": Object {
                "onChange": [Function],
                "placeholder": "Option 2",
                "type": "text",
                "value": "",
              },
              "ref": null,
              "rendered": null,
              "type": "input",
            },
            Object {
              "instance": null,
              "key": undefined,
              "nodeType": "host",
              "props": Object {
                "children": "Add Option",
              },
              "ref": null,
              "rendered": "Add Option",
              "type": "button",
            },
          ],
          "type": "div",
        },
        Object {
          "instance": null,
          "key": undefined,
          "nodeType": "host",
          "props": Object {
            "children": <button>
              Create Poll
</button>,
          },
          "ref": null,
          "rendered": Object {
            "instance": null,
            "key": undefined,
            "nodeType": "host",
            "props": Object {
              "children": "Create Poll",
            },
            "ref": null,
            "rendered": "Create Poll",
            "type": "button",
          },
          "type": "div",
        },
      ],
      "type": "form",
    },
    "type": "div",
  },
  Symbol(enzyme.__nodes__): Array [
    Object {
      "instance": null,
      "key": undefined,
      "nodeType": "host",
      "props": Object {
        "children": <form>
          <div>
                    <input
                              onChange={[Function]}
                              placeholder="Question"
                              type="text"
                              value=""
                    />
          </div>
          <div>
                    <input
                              onChange={[Function]}
                              placeholder="Option 1"
                              type="text"
                              value=""
                    />
                    <input
                              onChange={[Function]}
                              placeholder="Option 2"
                              type="text"
                              value=""
                    />
                    <button>
                              Add Option
                    </button>
          </div>
          <div>
                    <button>
                              Create Poll
                    </button>
          </div>
</form>,
      },
      "ref": null,
      "rendered": Object {
        "instance": null,
        "key": undefined,
        "nodeType": "host",
        "props": Object {
          "children": Array [
            <div>
              <input
                            onChange={[Function]}
                            placeholder="Question"
                            type="text"
                            value=""
              />
</div>,
            <div>
              <input
                            onChange={[Function]}
                            placeholder="Option 1"
                            type="text"
                            value=""
              />
              <input
                            onChange={[Function]}
                            placeholder="Option 2"
                            type="text"
                            value=""
              />
              <button>
                            Add Option
              </button>
</div>,
            <div>
              <button>
                            Create Poll
              </button>
</div>,
          ],
        },
        "ref": null,
        "rendered": Array [
          Object {
            "instance": null,
            "key": undefined,
            "nodeType": "host",
            "props": Object {
              "children": <input
                onChange={[Function]}
                placeholder="Question"
                type="text"
                value=""
/>,
            },
            "ref": null,
            "rendered": Object {
              "instance": null,
              "key": undefined,
              "nodeType": "host",
              "props": Object {
                "onChange": [Function],
                "placeholder": "Question",
                "type": "text",
                "value": "",
              },
              "ref": null,
              "rendered": null,
              "type": "input",
            },
            "type": "div",
          },
          Object {
            "instance": null,
            "key": undefined,
            "nodeType": "host",
            "props": Object {
              "children": Array [
                Array [
                  <input
                    onChange={[Function]}
                    placeholder="Option 1"
                    type="text"
                    value=""
/>,
                  <input
                    onChange={[Function]}
                    placeholder="Option 2"
                    type="text"
                    value=""
/>,
                ],
                <button>
                  Add Option
</button>,
              ],
            },
            "ref": null,
            "rendered": Array [
              Object {
                "instance": null,
                "key": "0",
                "nodeType": "host",
                "props": Object {
                  "onChange": [Function],
                  "placeholder": "Option 1",
                  "type": "text",
                  "value": "",
                },
                "ref": null,
                "rendered": null,
                "type": "input",
              },
              Object {
                "instance": null,
                "key": "1",
                "nodeType": "host",
                "props": Object {
                  "onChange": [Function],
                  "placeholder": "Option 2",
                  "type": "text",
                  "value": "",
                },
                "ref": null,
                "rendered": null,
                "type": "input",
              },
              Object {
                "instance": null,
                "key": undefined,
                "nodeType": "host",
                "props": Object {
                  "children": "Add Option",
                },
                "ref": null,
                "rendered": "Add Option",
                "type": "button",
              },
            ],
            "type": "div",
          },
          Object {
            "instance": null,
            "key": undefined,
            "nodeType": "host",
            "props": Object {
              "children": <button>
                Create Poll
</button>,
            },
            "ref": null,
            "rendered": Object {
              "instance": null,
              "key": undefined,
              "nodeType": "host",
              "props": Object {
                "children": "Create Poll",
              },
              "ref": null,
              "rendered": "Create Poll",
              "type": "button",
            },
            "type": "div",
          },
        ],
        "type": "form",
      },
      "type": "div",
    },
  ],
  Symbol(enzyme.__options__): Object {
    "adapter": ReactSixteenAdapter {
      "options": Object {
        "enableComponentDidUpdateOnSetState": true,
      },
    },
    "disableLifecycleMethods": true,
  },
}
`;
