// Jest Snapshot v1, https://goo.gl/fbAQLP

exports[`Logout renders correctly 1`] = `
<Logout
  error={
    Object {
      "isError": false,
    }
  }
/>
`;
