// Jest Snapshot v1, https://goo.gl/fbAQLP

exports[`PollsList renders correctly 1`] = `
ShallowWrapper {
  "length": 1,
  Symbol(enzyme.__root__): [Circular],
  Symbol(enzyme.__unrendered__): <PollsList
    polls={
        Array [
            Object {
              "_id": "1",
              "author": "123abc",
              "createdAt": 1000,
              "options": Array [
                Object {
                  "_id": "101",
                  "value": "Yes",
                  "votes": 1,
                },
                Object {
                  "_id": "102",
                  "value": "No",
                  "votes": 0,
                },
              ],
              "question": "Yes or No?",
              "voters": Array [
                "123abc",
              ],
            },
            Object {
              "_id": "2",
              "author": "124abc",
              "createdAt": 2000,
              "options": Array [
                Object {
                  "_id": "201",
                  "value": "2018",
                  "votes": 1,
                },
                Object {
                  "_id": "202",
                  "value": "2017",
                  "votes": 0,
                },
              ],
              "question": "2017 or 2018?",
              "voters": Array [
                "124abc",
              ],
            },
          ]
    }
/>,
  Symbol(enzyme.__renderer__): Object {
    "batchedUpdates": [Function],
    "getNode": [Function],
    "render": [Function],
    "simulateEvent": [Function],
    "unmount": [Function],
  },
  Symbol(enzyme.__node__): Object {
    "instance": null,
    "key": undefined,
    "nodeType": "host",
    "props": Object {
      "children": Array [
        <li>
          <Link
                    replace={false}
                    to="poll/1"
          >
                    Yes or No?
          </Link>
</li>,
        <li>
          <Link
                    replace={false}
                    to="poll/2"
          >
                    2017 or 2018?
          </Link>
</li>,
      ],
    },
    "ref": null,
    "rendered": Array [
      Object {
        "instance": null,
        "key": "1",
        "nodeType": "host",
        "props": Object {
          "children": <Link
            replace={false}
            to="poll/1"
>
            Yes or No?
</Link>,
        },
        "ref": null,
        "rendered": Object {
          "instance": null,
          "key": undefined,
          "nodeType": "class",
          "props": Object {
            "children": "Yes or No?",
            "replace": false,
            "to": "poll/1",
          },
          "ref": null,
          "rendered": "Yes or No?",
          "type": [Function],
        },
        "type": "li",
      },
      Object {
        "instance": null,
        "key": "2",
        "nodeType": "host",
        "props": Object {
          "children": <Link
            replace={false}
            to="poll/2"
>
            2017 or 2018?
</Link>,
        },
        "ref": null,
        "rendered": Object {
          "instance": null,
          "key": undefined,
          "nodeType": "class",
          "props": Object {
            "children": "2017 or 2018?",
            "replace": false,
            "to": "poll/2",
          },
          "ref": null,
          "rendered": "2017 or 2018?",
          "type": [Function],
        },
        "type": "li",
      },
    ],
    "type": "ul",
  },
  Symbol(enzyme.__nodes__): Array [
    Object {
      "instance": null,
      "key": undefined,
      "nodeType": "host",
      "props": Object {
        "children": Array [
          <li>
            <Link
                        replace={false}
                        to="poll/1"
            >
                        Yes or No?
            </Link>
</li>,
          <li>
            <Link
                        replace={false}
                        to="poll/2"
            >
                        2017 or 2018?
            </Link>
</li>,
        ],
      },
      "ref": null,
      "rendered": Array [
        Object {
          "instance": null,
          "key": "1",
          "nodeType": "host",
          "props": Object {
            "children": <Link
              replace={false}
              to="poll/1"
>
              Yes or No?
</Link>,
          },
          "ref": null,
          "rendered": Object {
            "instance": null,
            "key": undefined,
            "nodeType": "class",
            "props": Object {
              "children": "Yes or No?",
              "replace": false,
              "to": "poll/1",
            },
            "ref": null,
            "rendered": "Yes or No?",
            "type": [Function],
          },
          "type": "li",
        },
        Object {
          "instance": null,
          "key": "2",
          "nodeType": "host",
          "props": Object {
            "children": <Link
              replace={false}
              to="poll/2"
>
              2017 or 2018?
</Link>,
          },
          "ref": null,
          "rendered": Object {
            "instance": null,
            "key": undefined,
            "nodeType": "class",
            "props": Object {
              "children": "2017 or 2018?",
              "replace": false,
              "to": "poll/2",
            },
            "ref": null,
            "rendered": "2017 or 2018?",
            "type": [Function],
          },
          "type": "li",
        },
      ],
      "type": "ul",
    },
  ],
  Symbol(enzyme.__options__): Object {
    "adapter": ReactSixteenAdapter {
      "options": Object {
        "enableComponentDidUpdateOnSetState": true,
      },
    },
    "disableLifecycleMethods": true,
  },
}
`;
