// Jest Snapshot v1, https://goo.gl/fbAQLP

exports[`Poll renders correctly 1`] = `
ShallowWrapper {
  "length": 1,
  Symbol(enzyme.__root__): [Circular],
  Symbol(enzyme.__unrendered__): <Poll
    poll={
        Object {
            "_id": "1",
            "author": "123abc",
            "createdAt": 1000,
            "options": Array [
              Object {
                "_id": "101",
                "value": "Yes",
                "votes": 1,
              },
              Object {
                "_id": "102",
                "value": "No",
                "votes": 0,
              },
            ],
            "question": "Yes or No?",
            "voters": Array [
              "123abc",
            ],
          }
    }
/>,
  Symbol(enzyme.__renderer__): Object {
    "batchedUpdates": [Function],
    "getNode": [Function],
    "render": [Function],
    "simulateEvent": [Function],
    "unmount": [Function],
  },
  Symbol(enzyme.__node__): Object {
    "instance": null,
    "key": undefined,
    "nodeType": "host",
    "props": Object {
      "children": <div
        className="container"
>
        <div
                className="box"
        >
                <div
                        className="level"
                >
                        <div
                                className="level-item"
                        >
                                <h2
                                        className="title"
                                >
                                        Yes or No?
                                </h2>
                        </div>
                </div>
                <div
                        className="level"
                >
                        <div
                                className="level-item"
                        >
                                <p
                                        className="subtitle"
                                >
                                        by 
                                </p>
                        </div>
                </div>
                <div
                        className="level"
                >
                        <div
                                className="level-item"
                        />
                </div>
                <VotePoll
                        onVote={[Function]}
                        poll={
                                Object {
                                        "_id": "1",
                                        "author": "123abc",
                                        "createdAt": 1000,
                                        "options": Array [
                                          Object {
                                            "_id": "101",
                                            "value": "Yes",
                                            "votes": 1,
                                          },
                                          Object {
                                            "_id": "102",
                                            "value": "No",
                                            "votes": 0,
                                          },
                                        ],
                                        "question": "Yes or No?",
                                        "voters": Array [
                                          "123abc",
                                        ],
                                      }
                        }
                />
        </div>
</div>,
      "className": "section",
    },
    "ref": null,
    "rendered": Object {
      "instance": null,
      "key": undefined,
      "nodeType": "host",
      "props": Object {
        "children": <div
          className="box"
>
          <div
                    className="level"
          >
                    <div
                              className="level-item"
                    >
                              <h2
                                        className="title"
                              >
                                        Yes or No?
                              </h2>
                    </div>
          </div>
          <div
                    className="level"
          >
                    <div
                              className="level-item"
                    >
                              <p
                                        className="subtitle"
                              >
                                        by 
                              </p>
                    </div>
          </div>
          <div
                    className="level"
          >
                    <div
                              className="level-item"
                    />
          </div>
          <VotePoll
                    onVote={[Function]}
                    poll={
                              Object {
                                        "_id": "1",
                                        "author": "123abc",
                                        "createdAt": 1000,
                                        "options": Array [
                                          Object {
                                            "_id": "101",
                                            "value": "Yes",
                                            "votes": 1,
                                          },
                                          Object {
                                            "_id": "102",
                                            "value": "No",
                                            "votes": 0,
                                          },
                                        ],
                                        "question": "Yes or No?",
                                        "voters": Array [
                                          "123abc",
                                        ],
                                      }
                    }
          />
</div>,
        "className": "container",
      },
      "ref": null,
      "rendered": Object {
        "instance": null,
        "key": undefined,
        "nodeType": "host",
        "props": Object {
          "children": Array [
            <div
              className="level"
>
              <div
                            className="level-item"
              >
                            <h2
                                          className="title"
                            >
                                          Yes or No?
                            </h2>
              </div>
</div>,
            <div
              className="level"
>
              <div
                            className="level-item"
              >
                            <p
                                          className="subtitle"
                            >
                                          by 
                            </p>
              </div>
</div>,
            <div
              className="level"
>
              <div
                            className="level-item"
              />
</div>,
            <VotePoll
              onVote={[Function]}
              poll={
                            Object {
                                          "_id": "1",
                                          "author": "123abc",
                                          "createdAt": 1000,
                                          "options": Array [
                                            Object {
                                              "_id": "101",
                                              "value": "Yes",
                                              "votes": 1,
                                            },
                                            Object {
                                              "_id": "102",
                                              "value": "No",
                                              "votes": 0,
                                            },
                                          ],
                                          "question": "Yes or No?",
                                          "voters": Array [
                                            "123abc",
                                          ],
                                        }
              }
/>,
          ],
          "className": "box",
        },
        "ref": null,
        "rendered": Array [
          Object {
            "instance": null,
            "key": undefined,
            "nodeType": "host",
            "props": Object {
              "children": <div
                className="level-item"
>
                <h2
                                className="title"
                >
                                Yes or No?
                </h2>
</div>,
              "className": "level",
            },
            "ref": null,
            "rendered": Object {
              "instance": null,
              "key": undefined,
              "nodeType": "host",
              "props": Object {
                "children": <h2
                  className="title"
>
                  Yes or No?
</h2>,
                "className": "level-item",
              },
              "ref": null,
              "rendered": Object {
                "instance": null,
                "key": undefined,
                "nodeType": "host",
                "props": Object {
                  "children": "Yes or No?",
                  "className": "title",
                },
                "ref": null,
                "rendered": "Yes or No?",
                "type": "h2",
              },
              "type": "div",
            },
            "type": "div",
          },
          Object {
            "instance": null,
            "key": undefined,
            "nodeType": "host",
            "props": Object {
              "children": <div
                className="level-item"
>
                <p
                                className="subtitle"
                >
                                by 
                </p>
</div>,
              "className": "level",
            },
            "ref": null,
            "rendered": Object {
              "instance": null,
              "key": undefined,
              "nodeType": "host",
              "props": Object {
                "children": <p
                  className="subtitle"
>
                  by 
</p>,
                "className": "level-item",
              },
              "ref": null,
              "rendered": Object {
                "instance": null,
                "key": undefined,
                "nodeType": "host",
                "props": Object {
                  "children": Array [
                    "by ",
                    undefined,
                  ],
                  "className": "subtitle",
                },
                "ref": null,
                "rendered": Array [
                  "by ",
                  undefined,
                ],
                "type": "p",
              },
              "type": "div",
            },
            "type": "div",
          },
          Object {
            "instance": null,
            "key": undefined,
            "nodeType": "host",
            "props": Object {
              "children": <div
                className="level-item"
/>,
              "className": "level",
            },
            "ref": null,
            "rendered": Object {
              "instance": null,
              "key": undefined,
              "nodeType": "host",
              "props": Object {
                "children": undefined,
                "className": "level-item",
              },
              "ref": null,
              "rendered": null,
              "type": "div",
            },
            "type": "div",
          },
          Object {
            "instance": null,
            "key": undefined,
            "nodeType": "class",
            "props": Object {
              "onVote": [Function],
              "poll": Object {
                "_id": "1",
                "author": "123abc",
                "createdAt": 1000,
                "options": Array [
                  Object {
                    "_id": "101",
                    "value": "Yes",
                    "votes": 1,
                  },
                  Object {
                    "_id": "102",
                    "value": "No",
                    "votes": 0,
                  },
                ],
                "question": "Yes or No?",
                "voters": Array [
                  "123abc",
                ],
              },
            },
            "ref": null,
            "rendered": null,
            "type": [Function],
          },
        ],
        "type": "div",
      },
      "type": "div",
    },
    "type": "section",
  },
  Symbol(enzyme.__nodes__): Array [
    Object {
      "instance": null,
      "key": undefined,
      "nodeType": "host",
      "props": Object {
        "children": <div
          className="container"
>
          <div
                    className="box"
          >
                    <div
                              className="level"
                    >
                              <div
                                        className="level-item"
                              >
                                        <h2
                                                  className="title"
                                        >
                                                  Yes or No?
                                        </h2>
                              </div>
                    </div>
                    <div
                              className="level"
                    >
                              <div
                                        className="level-item"
                              >
                                        <p
                                                  className="subtitle"
                                        >
                                                  by 
                                        </p>
                              </div>
                    </div>
                    <div
                              className="level"
                    >
                              <div
                                        className="level-item"
                              />
                    </div>
                    <VotePoll
                              onVote={[Function]}
                              poll={
                                        Object {
                                                  "_id": "1",
                                                  "author": "123abc",
                                                  "createdAt": 1000,
                                                  "options": Array [
                                                    Object {
                                                      "_id": "101",
                                                      "value": "Yes",
                                                      "votes": 1,
                                                    },
                                                    Object {
                                                      "_id": "102",
                                                      "value": "No",
                                                      "votes": 0,
                                                    },
                                                  ],
                                                  "question": "Yes or No?",
                                                  "voters": Array [
                                                    "123abc",
                                                  ],
                                                }
                              }
                    />
          </div>
</div>,
        "className": "section",
      },
      "ref": null,
      "rendered": Object {
        "instance": null,
        "key": undefined,
        "nodeType": "host",
        "props": Object {
          "children": <div
            className="box"
>
            <div
                        className="level"
            >
                        <div
                                    className="level-item"
                        >
                                    <h2
                                                className="title"
                                    >
                                                Yes or No?
                                    </h2>
                        </div>
            </div>
            <div
                        className="level"
            >
                        <div
                                    className="level-item"
                        >
                                    <p
                                                className="subtitle"
                                    >
                                                by 
                                    </p>
                        </div>
            </div>
            <div
                        className="level"
            >
                        <div
                                    className="level-item"
                        />
            </div>
            <VotePoll
                        onVote={[Function]}
                        poll={
                                    Object {
                                                "_id": "1",
                                                "author": "123abc",
                                                "createdAt": 1000,
                                                "options": Array [
                                                  Object {
                                                    "_id": "101",
                                                    "value": "Yes",
                                                    "votes": 1,
                                                  },
                                                  Object {
                                                    "_id": "102",
                                                    "value": "No",
                                                    "votes": 0,
                                                  },
                                                ],
                                                "question": "Yes or No?",
                                                "voters": Array [
                                                  "123abc",
                                                ],
                                              }
                        }
            />
</div>,
          "className": "container",
        },
        "ref": null,
        "rendered": Object {
          "instance": null,
          "key": undefined,
          "nodeType": "host",
          "props": Object {
            "children": Array [
              <div
                className="level"
>
                <div
                                className="level-item"
                >
                                <h2
                                                className="title"
                                >
                                                Yes or No?
                                </h2>
                </div>
</div>,
              <div
                className="level"
>
                <div
                                className="level-item"
                >
                                <p
                                                className="subtitle"
                                >
                                                by 
                                </p>
                </div>
</div>,
              <div
                className="level"
>
                <div
                                className="level-item"
                />
</div>,
              <VotePoll
                onVote={[Function]}
                poll={
                                Object {
                                                "_id": "1",
                                                "author": "123abc",
                                                "createdAt": 1000,
                                                "options": Array [
                                                  Object {
                                                    "_id": "101",
                                                    "value": "Yes",
                                                    "votes": 1,
                                                  },
                                                  Object {
                                                    "_id": "102",
                                                    "value": "No",
                                                    "votes": 0,
                                                  },
                                                ],
                                                "question": "Yes or No?",
                                                "voters": Array [
                                                  "123abc",
                                                ],
                                              }
                }
/>,
            ],
            "className": "box",
          },
          "ref": null,
          "rendered": Array [
            Object {
              "instance": null,
              "key": undefined,
              "nodeType": "host",
              "props": Object {
                "children": <div
                  className="level-item"
>
                  <h2
                                    className="title"
                  >
                                    Yes or No?
                  </h2>
</div>,
                "className": "level",
              },
              "ref": null,
              "rendered": Object {
                "instance": null,
                "key": undefined,
                "nodeType": "host",
                "props": Object {
                  "children": <h2
                    className="title"
>
                    Yes or No?
</h2>,
                  "className": "level-item",
                },
                "ref": null,
                "rendered": Object {
                  "instance": null,
                  "key": undefined,
                  "nodeType": "host",
                  "props": Object {
                    "children": "Yes or No?",
                    "className": "title",
                  },
                  "ref": null,
                  "rendered": "Yes or No?",
                  "type": "h2",
                },
                "type": "div",
              },
              "type": "div",
            },
            Object {
              "instance": null,
              "key": undefined,
              "nodeType": "host",
              "props": Object {
                "children": <div
                  className="level-item"
>
                  <p
                                    className="subtitle"
                  >
                                    by 
                  </p>
</div>,
                "className": "level",
              },
              "ref": null,
              "rendered": Object {
                "instance": null,
                "key": undefined,
                "nodeType": "host",
                "props": Object {
                  "children": <p
                    className="subtitle"
>
                    by 
</p>,
                  "className": "level-item",
                },
                "ref": null,
                "rendered": Object {
                  "instance": null,
                  "key": undefined,
                  "nodeType": "host",
                  "props": Object {
                    "children": Array [
                      "by ",
                      undefined,
                    ],
                    "className": "subtitle",
                  },
                  "ref": null,
                  "rendered": Array [
                    "by ",
                    undefined,
                  ],
                  "type": "p",
                },
                "type": "div",
              },
              "type": "div",
            },
            Object {
              "instance": null,
              "key": undefined,
              "nodeType": "host",
              "props": Object {
                "children": <div
                  className="level-item"
/>,
                "className": "level",
              },
              "ref": null,
              "rendered": Object {
                "instance": null,
                "key": undefined,
                "nodeType": "host",
                "props": Object {
                  "children": undefined,
                  "className": "level-item",
                },
                "ref": null,
                "rendered": null,
                "type": "div",
              },
              "type": "div",
            },
            Object {
              "instance": null,
              "key": undefined,
              "nodeType": "class",
              "props": Object {
                "onVote": [Function],
                "poll": Object {
                  "_id": "1",
                  "author": "123abc",
                  "createdAt": 1000,
                  "options": Array [
                    Object {
                      "_id": "101",
                      "value": "Yes",
                      "votes": 1,
                    },
                    Object {
                      "_id": "102",
                      "value": "No",
                      "votes": 0,
                    },
                  ],
                  "question": "Yes or No?",
                  "voters": Array [
                    "123abc",
                  ],
                },
              },
              "ref": null,
              "rendered": null,
              "type": [Function],
            },
          ],
          "type": "div",
        },
        "type": "div",
      },
      "type": "section",
    },
  ],
  Symbol(enzyme.__options__): Object {
    "adapter": ReactSixteenAdapter {
      "options": Object {
        "enableComponentDidUpdateOnSetState": true,
      },
    },
    "disableLifecycleMethods": true,
  },
}
`;
