// Jest Snapshot v1, https://goo.gl/fbAQLP

exports[`VotePoll renders correctly 1`] = `
ShallowWrapper {
  "length": 1,
  Symbol(enzyme.__root__): [Circular],
  Symbol(enzyme.__unrendered__): <VotePoll
    onVote={[Function]}
    poll={
        Object {
            "_id": "1",
            "author": "123abc",
            "createdAt": 1000,
            "options": Array [
              Object {
                "_id": "101",
                "value": "Yes",
                "votes": 1,
              },
              Object {
                "_id": "102",
                "value": "No",
                "votes": 0,
              },
            ],
            "question": "Yes or No?",
            "voters": Array [
              "123abc",
            ],
          }
    }
/>,
  Symbol(enzyme.__renderer__): Object {
    "batchedUpdates": [Function],
    "getNode": [Function],
    "render": [Function],
    "simulateEvent": [Function],
    "unmount": [Function],
  },
  Symbol(enzyme.__node__): Object {
    "instance": null,
    "key": undefined,
    "nodeType": "host",
    "props": Object {
      "children": <form
        onSubmit={[Function]}
>
        <div
                className="level"
        >
                <div
                        className="control level-item"
                >
                        <label
                                className="radio"
                        >
                                <input
                                        name="vote"
                                        onChange={[Function]}
                                        type="radio"
                                        value="101"
                                />
                                Yes
                        </label>
                        <label
                                className="radio"
                        >
                                <input
                                        name="vote"
                                        onChange={[Function]}
                                        type="radio"
                                        value="102"
                                />
                                No
                        </label>
                </div>
        </div>
        <div
                className="level"
        >
                <div
                        className="level-item"
                >
                        <input
                                className="button is-success"
                                type="submit"
                                value="Vote"
                        />
                </div>
        </div>
</form>,
      "className": "VotePoll",
    },
    "ref": null,
    "rendered": Object {
      "instance": null,
      "key": undefined,
      "nodeType": "host",
      "props": Object {
        "children": Array [
          <div
            className="level"
>
            <div
                        className="control level-item"
            >
                        <label
                                    className="radio"
                        >
                                    <input
                                                name="vote"
                                                onChange={[Function]}
                                                type="radio"
                                                value="101"
                                    />
                                    Yes
                        </label>
                        <label
                                    className="radio"
                        >
                                    <input
                                                name="vote"
                                                onChange={[Function]}
                                                type="radio"
                                                value="102"
                                    />
                                    No
                        </label>
            </div>
</div>,
          <div
            className="level"
>
            <div
                        className="level-item"
            >
                        <input
                                    className="button is-success"
                                    type="submit"
                                    value="Vote"
                        />
            </div>
</div>,
        ],
        "onSubmit": [Function],
      },
      "ref": null,
      "rendered": Array [
        Object {
          "instance": null,
          "key": undefined,
          "nodeType": "host",
          "props": Object {
            "children": <div
              className="control level-item"
>
              <label
                            className="radio"
              >
                            <input
                                          name="vote"
                                          onChange={[Function]}
                                          type="radio"
                                          value="101"
                            />
                            Yes
              </label>
              <label
                            className="radio"
              >
                            <input
                                          name="vote"
                                          onChange={[Function]}
                                          type="radio"
                                          value="102"
                            />
                            No
              </label>
</div>,
            "className": "level",
          },
          "ref": null,
          "rendered": Object {
            "instance": null,
            "key": undefined,
            "nodeType": "host",
            "props": Object {
              "children": Array [
                <label
                  className="radio"
>
                  <input
                                    name="vote"
                                    onChange={[Function]}
                                    type="radio"
                                    value="101"
                  />
                  Yes
</label>,
                <label
                  className="radio"
>
                  <input
                                    name="vote"
                                    onChange={[Function]}
                                    type="radio"
                                    value="102"
                  />
                  No
</label>,
              ],
              "className": "control level-item",
            },
            "ref": null,
            "rendered": Array [
              Object {
                "instance": null,
                "key": "101",
                "nodeType": "host",
                "props": Object {
                  "children": Array [
                    <input
                      name="vote"
                      onChange={[Function]}
                      type="radio"
                      value="101"
/>,
                    "Yes",
                  ],
                  "className": "radio",
                },
                "ref": null,
                "rendered": Array [
                  Object {
                    "instance": null,
                    "key": undefined,
                    "nodeType": "host",
                    "props": Object {
                      "name": "vote",
                      "onChange": [Function],
                      "type": "radio",
                      "value": "101",
                    },
                    "ref": null,
                    "rendered": null,
                    "type": "input",
                  },
                  "Yes",
                ],
                "type": "label",
              },
              Object {
                "instance": null,
                "key": "102",
                "nodeType": "host",
                "props": Object {
                  "children": Array [
                    <input
                      name="vote"
                      onChange={[Function]}
                      type="radio"
                      value="102"
/>,
                    "No",
                  ],
                  "className": "radio",
                },
                "ref": null,
                "rendered": Array [
                  Object {
                    "instance": null,
                    "key": undefined,
                    "nodeType": "host",
                    "props": Object {
                      "name": "vote",
                      "onChange": [Function],
                      "type": "radio",
                      "value": "102",
                    },
                    "ref": null,
                    "rendered": null,
                    "type": "input",
                  },
                  "No",
                ],
                "type": "label",
              },
            ],
            "type": "div",
          },
          "type": "div",
        },
        Object {
          "instance": null,
          "key": undefined,
          "nodeType": "host",
          "props": Object {
            "children": <div
              className="level-item"
>
              <input
                            className="button is-success"
                            type="submit"
                            value="Vote"
              />
</div>,
            "className": "level",
          },
          "ref": null,
          "rendered": Object {
            "instance": null,
            "key": undefined,
            "nodeType": "host",
            "props": Object {
              "children": <input
                className="button is-success"
                type="submit"
                value="Vote"
/>,
              "className": "level-item",
            },
            "ref": null,
            "rendered": Object {
              "instance": null,
              "key": undefined,
              "nodeType": "host",
              "props": Object {
                "className": "button is-success",
                "type": "submit",
                "value": "Vote",
              },
              "ref": null,
              "rendered": null,
              "type": "input",
            },
            "type": "div",
          },
          "type": "div",
        },
      ],
      "type": "form",
    },
    "type": "div",
  },
  Symbol(enzyme.__nodes__): Array [
    Object {
      "instance": null,
      "key": undefined,
      "nodeType": "host",
      "props": Object {
        "children": <form
          onSubmit={[Function]}
>
          <div
                    className="level"
          >
                    <div
                              className="control level-item"
                    >
                              <label
                                        className="radio"
                              >
                                        <input
                                                  name="vote"
                                                  onChange={[Function]}
                                                  type="radio"
                                                  value="101"
                                        />
                                        Yes
                              </label>
                              <label
                                        className="radio"
                              >
                                        <input
                                                  name="vote"
                                                  onChange={[Function]}
                                                  type="radio"
                                                  value="102"
                                        />
                                        No
                              </label>
                    </div>
          </div>
          <div
                    className="level"
          >
                    <div
                              className="level-item"
                    >
                              <input
                                        className="button is-success"
                                        type="submit"
                                        value="Vote"
                              />
                    </div>
          </div>
</form>,
        "className": "VotePoll",
      },
      "ref": null,
      "rendered": Object {
        "instance": null,
        "key": undefined,
        "nodeType": "host",
        "props": Object {
          "children": Array [
            <div
              className="level"
>
              <div
                            className="control level-item"
              >
                            <label
                                          className="radio"
                            >
                                          <input
                                                        name="vote"
                                                        onChange={[Function]}
                                                        type="radio"
                                                        value="101"
                                          />
                                          Yes
                            </label>
                            <label
                                          className="radio"
                            >
                                          <input
                                                        name="vote"
                                                        onChange={[Function]}
                                                        type="radio"
                                                        value="102"
                                          />
                                          No
                            </label>
              </div>
</div>,
            <div
              className="level"
>
              <div
                            className="level-item"
              >
                            <input
                                          className="button is-success"
                                          type="submit"
                                          value="Vote"
                            />
              </div>
</div>,
          ],
          "onSubmit": [Function],
        },
        "ref": null,
        "rendered": Array [
          Object {
            "instance": null,
            "key": undefined,
            "nodeType": "host",
            "props": Object {
              "children": <div
                className="control level-item"
>
                <label
                                className="radio"
                >
                                <input
                                                name="vote"
                                                onChange={[Function]}
                                                type="radio"
                                                value="101"
                                />
                                Yes
                </label>
                <label
                                className="radio"
                >
                                <input
                                                name="vote"
                                                onChange={[Function]}
                                                type="radio"
                                                value="102"
                                />
                                No
                </label>
</div>,
              "className": "level",
            },
            "ref": null,
            "rendered": Object {
              "instance": null,
              "key": undefined,
              "nodeType": "host",
              "props": Object {
                "children": Array [
                  <label
                    className="radio"
>
                    <input
                                        name="vote"
                                        onChange={[Function]}
                                        type="radio"
                                        value="101"
                    />
                    Yes
</label>,
                  <label
                    className="radio"
>
                    <input
                                        name="vote"
                                        onChange={[Function]}
                                        type="radio"
                                        value="102"
                    />
                    No
</label>,
                ],
                "className": "control level-item",
              },
              "ref": null,
              "rendered": Array [
                Object {
                  "instance": null,
                  "key": "101",
                  "nodeType": "host",
                  "props": Object {
                    "children": Array [
                      <input
                        name="vote"
                        onChange={[Function]}
                        type="radio"
                        value="101"
/>,
                      "Yes",
                    ],
                    "className": "radio",
                  },
                  "ref": null,
                  "rendered": Array [
                    Object {
                      "instance": null,
                      "key": undefined,
                      "nodeType": "host",
                      "props": Object {
                        "name": "vote",
                        "onChange": [Function],
                        "type": "radio",
                        "value": "101",
                      },
                      "ref": null,
                      "rendered": null,
                      "type": "input",
                    },
                    "Yes",
                  ],
                  "type": "label",
                },
                Object {
                  "instance": null,
                  "key": "102",
                  "nodeType": "host",
                  "props": Object {
                    "children": Array [
                      <input
                        name="vote"
                        onChange={[Function]}
                        type="radio"
                        value="102"
/>,
                      "No",
                    ],
                    "className": "radio",
                  },
                  "ref": null,
                  "rendered": Array [
                    Object {
                      "instance": null,
                      "key": undefined,
                      "nodeType": "host",
                      "props": Object {
                        "name": "vote",
                        "onChange": [Function],
                        "type": "radio",
                        "value": "102",
                      },
                      "ref": null,
                      "rendered": null,
                      "type": "input",
                    },
                    "No",
                  ],
                  "type": "label",
                },
              ],
              "type": "div",
            },
            "type": "div",
          },
          Object {
            "instance": null,
            "key": undefined,
            "nodeType": "host",
            "props": Object {
              "children": <div
                className="level-item"
>
                <input
                                className="button is-success"
                                type="submit"
                                value="Vote"
                />
</div>,
              "className": "level",
            },
            "ref": null,
            "rendered": Object {
              "instance": null,
              "key": undefined,
              "nodeType": "host",
              "props": Object {
                "children": <input
                  className="button is-success"
                  type="submit"
                  value="Vote"
/>,
                "className": "level-item",
              },
              "ref": null,
              "rendered": Object {
                "instance": null,
                "key": undefined,
                "nodeType": "host",
                "props": Object {
                  "className": "button is-success",
                  "type": "submit",
                  "value": "Vote",
                },
                "ref": null,
                "rendered": null,
                "type": "input",
              },
              "type": "div",
            },
            "type": "div",
          },
        ],
        "type": "form",
      },
      "type": "div",
    },
  ],
  Symbol(enzyme.__options__): Object {
    "adapter": ReactSixteenAdapter {
      "options": Object {
        "enableComponentDidUpdateOnSetState": true,
      },
    },
    "disableLifecycleMethods": true,
  },
}
`;
